
> frontend@0.1.0 build
> next build

node.exe : ΓÜá `images.domains` is deprecated in favor of 
`images.remotePatterns`. Please update next.config.ts to protect your 
application from malicious users.
At line:1 char:1
+ & "C:\Program Files\nodejs\desktop/node.exe" "C:\Program Files\nodejs 
...
+ ~~~~~~~~~~~~~~~~~~~~~~~~~~~~~~~~~~~~~~~~~~~~~~~~~~~~~~~~~~~~~~~~~~~~~
    + CategoryInfo          : NotSpecified: (ΓÜá `images.dom...alicious 
    users.:String) [], RemoteException
    + FullyQualifiedErrorId : NativeCommandError
 

> Build error occurred
Error: EPERM: operation not permitted, unlink 'C:\Users\Bhuvan\OneDrive\
Desktop\Axalin_Project\frontend\.next\static\QaFfVsa5xKvmm0qhI98F0'
    at ignore-listed frames {
  errno: -4048,
  code: 'EPERM',
  syscall: 'unlink',
  path: 'C:\\Users\\Bhuvan\\OneDrive\\Desktop\\Axalin_Project\\frontend\
\.next\\static\\QaFfVsa5xKvmm0qhI98F0'
}
